// Jest Snapshot v1, https://goo.gl/fbAQLP

exports[`<App /> renders correctly 1`] = `
<MemoryRouter
  initialEntries={
    Array [
      "/",
    ]
  }
>
  <Router
    history={
      Object {
        "action": "POP",
        "block": [Function],
        "canGo": [Function],
        "createHref": [Function],
        "entries": Array [
          Object {
            "hash": "",
            "key": "rhemd2",
            "pathname": "/",
            "search": "",
            "state": undefined,
          },
        ],
        "go": [Function],
        "goBack": [Function],
        "goForward": [Function],
        "index": 0,
        "length": 1,
        "listen": [Function],
        "location": Object {
          "hash": "",
          "key": "rhemd2",
          "pathname": "/",
          "search": "",
          "state": undefined,
        },
        "push": [Function],
        "replace": [Function],
      }
    }
  >
    <App
      vocabulary={
        Array [
          Object {
            "phonetic": "[dá]",
            "translation": "Yes",
            "word": "Да",
          },
          Object {
            "phonetic": "[n'ét]",
            "translation": "No",
            "word": "Нет",
          },
          Object {
            "phonetic": "[dóm]",
            "translation": "House",
            "word": "Дом",
          },
        ]
      }
    >
      <div
        className="App"
      >
        <div
          className="links-container"
        >
          <Link
            className="back-link"
            replace={false}
            to="/"
          >
            <a
              className="back-link"
              href="/"
              onClick={[Function]}
            >
              Back
            </a>
          </Link>
          <div
            className="starting-language-menu"
          >
            <label>
              Front Side 
            </label>
            <select
              onChange={[Function]}
            >
              <option>
                English
              </option>
              <option>
                Russian
              </option>
            </select>
          </div>
        </div>
        <Flashcard
          card={
            Object {
              "phonetic": "[dá]",
              "translation": "Yes",
              "word": "Да",
            }
          }
          flipCard={[Function]}
          flipped={false}
        >
          <div
            className="Flashcard"
            onClick={[Function]}
          >
            <Front
              card={
                Object {
                  "phonetic": "[dá]",
                  "translation": "Yes",
                  "word": "Да",
                }
              }
              flipped={false}
            >
              <div
                className="front"
              >
                <p
                  className="lead"
                >
                  Yes
                </p>
              </div>
            </Front>
            <Back
              card={
                Object {
                  "phonetic": "[dá]",
                  "translation": "Yes",
                  "word": "Да",
                }
              }
              flipped={false}
            >
              <div
                className="back hidden"
              >
                <p
                  className="lead"
                >
                  Да
                </p>
                <p
                  className="phonetic"
                >
                  [dá]
                </p>
              </div>
            </Back>
          </div>
        </Flashcard>
        <Buttons
          card={
            Object {
              "phonetic": "[dá]",
              "translation": "Yes",
              "word": "Да",
            }
          }
          flipCard={[Function]}
          nextCard={[Function]}
          prevCard={[Function]}
          sayWord={[Function]}
        >
          <div
            className="flex-buttons"
          >
            <button
              className="btn blue sayWord"
              onClick={[Function]}
            >
              <span>
                Say
              </span>
            </button>
            <button
              className="btn orange flipCard"
              onClick={[Function]}
            >
              <span>
                Flip
              </span>
            </button>
            <button
              className="btn red flipCard"
              onClick={[Function]}
            >
              <span>
                Previous
              </span>
            </button>
            <button
              className="btn nextCard"
              onClick={[Function]}
            >
              <span>
                Next
              </span>
            </button>
          </div>
        </Buttons>
      </div>
    </App>
  </Router>
</MemoryRouter>
`;
