// Jest Snapshot v1, https://goo.gl/fbAQLP

exports[`<App /> renders correctly 1`] = `
<App>
  <div
    className="App"
  >
    <Flashcard
      card={0}
      flipCard={[Function]}
      flipped={false}
    >
      <div
        className="Flashcard"
        onClick={[Function]}
      >
        <Front
          card={
            Object {
              "phonetic": "[dá]",
              "translation": "Yes",
              "word": "Да",
            }
          }
          flipped={false}
        >
          <div
            className="front"
          >
            <p
              className="lead"
            >
              Да
            </p>
            <p
              className="phonetic"
            >
              [dá]
            </p>
          </div>
        </Front>
        <Back
          card={
            Object {
              "phonetic": "[dá]",
              "translation": "Yes",
              "word": "Да",
            }
          }
          flipped={false}
        >
          <div
            className="back hidden"
          >
            <p
              className="lead"
            >
              Yes
            </p>
            <p
              className="phonetic"
            >
              [dá]
            </p>
          </div>
        </Back>
      </div>
    </Flashcard>
    <div
      className="flex-buttons"
    >
      <button
        className="btn blue flipCard"
        onClick={[Function]}
      >
        <span>
          Flip
        </span>
      </button>
      <button
        className="btn nextCard"
        onClick={[Function]}
      >
        <span>
          Next
        </span>
      </button>
    </div>
  </div>
</App>
`;
